
Discarded input sections

 .group         0x00000000        0xc build/main.o
 .group         0x00000000        0xc build/main.o
 .group         0x00000000        0xc build/main.o
 .group         0x00000000        0xc build/main.o
 .group         0x00000000        0xc build/main.o
 .group         0x00000000        0xc build/main.o
 .group         0x00000000        0xc build/main.o
 .group         0x00000000        0xc build/main.o
 .group         0x00000000        0xc build/main.o
 .group         0x00000000        0xc build/main.o
 .group         0x00000000        0xc build/main.o
 .group         0x00000000        0xc build/main.o
 .group         0x00000000        0xc build/main.o
 .group         0x00000000        0xc build/main.o
 .group         0x00000000        0xc build/main.o
 .group         0x00000000        0xc build/main.o
 .group         0x00000000        0xc build/main.o
 .group         0x00000000        0xc build/main.o
 .group         0x00000000        0xc build/main.o
 .group         0x00000000        0xc build/main.o
 .group         0x00000000        0xc build/main.o
 .group         0x00000000        0xc build/main.o
 .group         0x00000000        0xc build/main.o
 .text          0x00000000        0x0 build/main.o
 .data          0x00000000        0x0 build/main.o
 .data          0x00000000        0x4 build/startup.o

Memory Configuration

Name             Origin             Length             Attributes
FLASH            0x00000000         0x00100000         xr
RAM              0x20000000         0x00008000         xrw
RES_STACK        0x20008000         0x00000400         xrw
*default*        0x00000000         0xffffffff

Linker script and memory map

LOAD build/main.o
LOAD build/startup.o
LOAD C:/NXP/MCUXpressoIDE_25.6.136/ide/tools/bin/../lib/gcc/arm-none-eabi/14.2.1/thumb/v8-m.main+fp/hard\libc_nano.a
LOAD C:/NXP/MCUXpressoIDE_25.6.136/ide/tools/bin/../lib/gcc/arm-none-eabi/14.2.1/thumb/v8-m.main+fp/hard\libm.a

.text           0x00000000      0x2f8
 *(SORT_BY_ALIGNMENT(.vectors))
 .vectors       0x00000000       0x94 build/startup.o
                0x00000000                vector_table
                0x00000040                Reset_Handler
 *(SORT_BY_ALIGNMENT(.text*))
 *fill*         0x00000094        0xc 
 .text          0x000000a0       0x20 build/startup.o
                0x000000a0                Svc_Handler
                0x000000a2                PendSV_Handler
                0x000000b0                SysTick_Handler
                0x000000be                Default_Handler
 .text.Os_Systick_Init
                0x000000c0       0x2c build/main.o
                0x000000c0                Os_Systick_Init
 .text.Os_Schedule
                0x000000ec       0x58 build/main.o
                0x000000ec                Os_Schedule
 .text.Os_Task_CSAInit
                0x00000144       0x7c build/main.o
                0x00000144                Os_Task_CSAInit
 .text.Os_Task_Create
                0x000001c0       0x74 build/main.o
                0x000001c0                Os_Task_Create
 .text.Task1    0x00000234       0x24 build/main.o
                0x00000234                Task1
 .text.Task2    0x00000258       0x24 build/main.o
                0x00000258                Task2
 .text.main     0x0000027c       0x54 build/main.o
                0x0000027c                main
 .text.Os_Systick_Handler
                0x000002d0       0x20 build/main.o
                0x000002d0                Os_Systick_Handler
 .text.Os_UpdateR4
                0x000002f0        0x6 build/main.o
                0x000002f0                Os_UpdateR4
 *(SORT_BY_ALIGNMENT(.rodata*))
                0x000002f8                        . = ALIGN (0x4)
 *fill*         0x000002f6        0x2 
                0x000002f8                        _etext = .

.glue_7         0x000002f8        0x0
 .glue_7        0x000002f8        0x0 linker stubs

.glue_7t        0x000002f8        0x0
 .glue_7t       0x000002f8        0x0 linker stubs

.vfp11_veneer   0x000002f8        0x0
 .vfp11_veneer  0x000002f8        0x0 linker stubs

.v4_bx          0x000002f8        0x0
 .v4_bx         0x000002f8        0x0 linker stubs

.iplt           0x000002f8        0x0
 .iplt          0x000002f8        0x0 build/main.o

.rel.dyn        0x000002f8        0x0
 .rel.iplt      0x000002f8        0x0 build/main.o

.data           0x20000000        0x0 load address 0x000002f8
                0x20000000                        _sdata = .
 *(SORT_BY_ALIGNMENT(.data*))
                0x20000000                        . = ALIGN (0x4)
                0x20000000                        _edata = .
                0x000002f8                        _sidata = LOADADDR (.data)

.igot.plt       0x20000000        0x0 load address 0x000002f8
 .igot.plt      0x20000000        0x0 build/main.o

.bss            0x20000000      0x274 load address 0x000002f8
                0x20000000                        _sbss = .
 *(SORT_BY_ALIGNMENT(.bss*))
 .bss.Os_Systick_Counter
                0x20000000        0x4 build/main.o
                0x20000000                Os_Systick_Counter
 .bss.Os_task_counter
                0x20000004        0x4 build/main.o
                0x20000004                Os_task_counter
 .bss.Os_Running_Task
                0x20000008        0x4 build/main.o
                0x20000008                Os_Running_Task
 .bss.Task1_EntryCounter
                0x2000000c        0x4 build/main.o
                0x2000000c                Task1_EntryCounter
 .bss.Task2_EntryCounter
                0x20000010        0x4 build/main.o
                0x20000010                Task2_EntryCounter
 .bss.Task1_Counter
                0x20000014        0x4 build/main.o
                0x20000014                Task1_Counter
 .bss.Task2_Counter
                0x20000018        0x4 build/main.o
                0x20000018                Task2_Counter
 .bss.Os_StaticTasks
                0x2000001c      0x258 build/main.o
                0x2000001c                Os_StaticTasks
 .bss           0x20000274        0x0 build/main.o
 .bss           0x20000274        0x0 build/startup.o
 *(SORT_BY_ALIGNMENT(COMMON))
                0x20000274                        . = ALIGN (0x4)
                0x20000274                        _ebss = .

._stack         0x20000278      0x800 load address 0x000002f8
                0x20000a78                        . = (. + 0x800)
 *fill*         0x20000278      0x800 
                0x20008400                        _estack = (ORIGIN (RES_STACK) + LENGTH (RES_STACK))
                0x20000000                        _estack_start = ORIGIN (RAM)
                0x00000400                        _estack_len = 0x400
OUTPUT(build/mini-os.elf elf32-littlearm)
LOAD linker stubs

.debug_info     0x00000000      0x373
 .debug_info    0x00000000      0x34f build/main.o
 .debug_info    0x0000034f       0x24 build/startup.o

.debug_abbrev   0x00000000      0x197
 .debug_abbrev  0x00000000      0x183 build/main.o
 .debug_abbrev  0x00000183       0x14 build/startup.o

.debug_aranges  0x00000000       0x80
 .debug_aranges
                0x00000000       0x60 build/main.o
 .debug_aranges
                0x00000060       0x20 build/startup.o

.debug_rnglists
                0x00000000       0x43
 .debug_rnglists
                0x00000000       0x43 build/main.o

.debug_macro    0x00000000     0x177c
 .debug_macro   0x00000000      0x10f build/main.o
 .debug_macro   0x0000010f      0xad2 build/main.o
 .debug_macro   0x00000be1       0x22 build/main.o
 .debug_macro   0x00000c03       0x75 build/main.o
 .debug_macro   0x00000c78       0x2a build/main.o
 .debug_macro   0x00000ca2       0x5c build/main.o
 .debug_macro   0x00000cfe       0x3c build/main.o
 .debug_macro   0x00000d3a       0x34 build/main.o
 .debug_macro   0x00000d6e       0x16 build/main.o
 .debug_macro   0x00000d84       0x57 build/main.o
 .debug_macro   0x00000ddb       0x9e build/main.o
 .debug_macro   0x00000e79      0x364 build/main.o
 .debug_macro   0x000011dd      0x112 build/main.o
 .debug_macro   0x000012ef       0x10 build/main.o
 .debug_macro   0x000012ff       0x16 build/main.o
 .debug_macro   0x00001315       0x4a build/main.o
 .debug_macro   0x0000135f       0x34 build/main.o
 .debug_macro   0x00001393       0x10 build/main.o
 .debug_macro   0x000013a3       0x58 build/main.o
 .debug_macro   0x000013fb      0x1e5 build/main.o
 .debug_macro   0x000015e0       0x16 build/main.o
 .debug_macro   0x000015f6       0x16 build/main.o
 .debug_macro   0x0000160c      0x12a build/main.o
 .debug_macro   0x00001736       0x46 build/main.o

.debug_line     0x00000000      0x3e8
 .debug_line    0x00000000      0x396 build/main.o
 .debug_line    0x00000396       0x52 build/startup.o

.debug_str      0x00000000     0x67ac
 .debug_str     0x00000000     0x67ac build/main.o
                               0x6894 (size before relaxing)
 .debug_str     0x000067ac       0x29 build/startup.o

.comment        0x00000000       0x45
 .comment       0x00000000       0x45 build/main.o
                                 0x46 (size before relaxing)

.ARM.attributes
                0x00000000       0x38
 .ARM.attributes
                0x00000000       0x3a build/main.o
 .ARM.attributes
                0x0000003a       0x28 build/startup.o

.debug_frame    0x00000000      0x10c
 .debug_frame   0x00000000      0x10c build/main.o

.debug_line_str
                0x00000000       0x1b
 .debug_line_str
                0x00000000       0x1b build/startup.o

Cross Reference Table

Symbol                                            File
Default_Handler                                   build/startup.o
Os_Running_Task                                   build/main.o
Os_Schedule                                       build/main.o
Os_StaticTasks                                    build/main.o
Os_Systick_Counter                                build/main.o
Os_Systick_Handler                                build/main.o
                                                  build/startup.o
Os_Systick_Init                                   build/main.o
Os_Task_CSAInit                                   build/main.o
Os_Task_Create                                    build/main.o
Os_UpdateR4                                       build/main.o
Os_task_counter                                   build/main.o
PendSV_Handler                                    build/startup.o
Reset_Handler                                     build/startup.o
Svc_Handler                                       build/startup.o
SysTick_Handler                                   build/startup.o
Task1                                             build/main.o
Task1_Counter                                     build/main.o
Task1_EntryCounter                                build/main.o
Task2                                             build/main.o
Task2_Counter                                     build/main.o
Task2_EntryCounter                                build/main.o
_ebss                                             build/startup.o
_estack                                           build/startup.o
_estack_len                                       build/startup.o
_estack_start                                     build/startup.o
_sbss                                             build/startup.o
main                                              build/main.o
                                                  build/startup.o
systick_counter                                   build/startup.o
vector_table                                      build/startup.o
